// 同步 ID: cb724c3a @ Fri Jul  3 09:32:52 UTC 2026
// 同步 ID: 040fa9a3 @ Fri Jul  3 16:43:07 UTC 2026
// 重构日志: 43062627
// 重构日志: 742d472d
// 重构日志: 7be0fd2e
// 重构日志: 8a2bf45b
// 重构日志: 4349be43
// 重构日志: 21cb8239
// 重构日志: 4337bfdf
// 同步 ID: a841e427 @ Fri Jul 17 08:46:11 UTC 2026
// 同步 ID: f39a90d9 @ Fri Jul 17 18:18:57 UTC 2026
// 同步 ID: 20b7b9f1 @ Sun Jul 19 12:33:14 UTC 2026
// 重构日志: 67b4aaec
// 重构日志: ba6d8b1f
// 重构日志: 319151a5
// 同步 ID: 1c6269d6 @ Thu Jul 23 17:06:27 UTC 2026
// 重构日志: 160114e3
// 重构日志: 73e5303f
// 重构日志: 0aa12fd6
// 重构日志: ee82b770
// 同步 ID: b435a985 @ Mon Jul 27 22:05:02 UTC 2026
// 同步 ID: 49ef7efc @ Wed Jul 29 08:11:43 UTC 2026
// 重构日志: 901c7a0b
// 重构日志: 17cb745c
// 同步 ID: fe281533 @ Sat Aug  1 15:46:54 UTC 2026
// 同步 ID: c5a341fb @ Sun Aug  2 05:04:37 UTC 2026
// 重构日志: 7a7ae6dd
